This is pdfTeX, Version 3.141592653-2.6-1.40.29 (TeX Live 2026) (preloaded format=pdflatex 2026.5.5)  17 MAY 2026 15:03
entering extended mode
 restricted \write18 enabled.
 %&-line parsing enabled.
**Huber2020_reproduced.tex
(./Huber2020_reproduced.tex
LaTeX2e <2025-11-01>
L3 programming layer <2026-03-20>
(/home/nestor/.TinyTeX/texmf-dist/tex/latex/base/article.cls
Document Class: article 2025/01/22 v1.4n Standard LaTeX document class
(/home/nestor/.TinyTeX/texmf-dist/tex/latex/base/size10.clo
File: size10.clo 2025/01/22 v1.4n Standard LaTeX file (size option)
)
\c@part=\count275
\c@section=\count276
\c@subsection=\count277
\c@subsubsection=\count278
\c@paragraph=\count279
\c@subparagraph=\count280
\c@figure=\count281
\c@table=\count282
\abovecaptionskip=\skip49
\belowcaptionskip=\skip50
\bibindent=\dimen150
) (/home/nestor/.TinyTeX/texmf-dist/tex/latex/xcolor/xcolor.sty
Package: xcolor 2024/09/29 v3.02 LaTeX color extensions (UK)
(/home/nestor/.TinyTeX/texmf-dist/tex/latex/graphics-cfg/color.cfg
File: color.cfg 2016/01/02 v1.6 sample color configuration
)
Package xcolor Info: Driver file: pdftex.def on input line 274.
(/home/nestor/.TinyTeX/texmf-dist/tex/latex/graphics-def/pdftex.def
File: pdftex.def 2025/09/29 v1.2d Graphics/color driver for pdftex
) (/home/nestor/.TinyTeX/texmf-dist/tex/latex/graphics/mathcolor.ltx)
Package xcolor Info: Model `cmy' substituted by `cmy0' on input line 1349.
Package xcolor Info: Model `hsb' substituted by `rgb' on input line 1353.
Package xcolor Info: Model `RGB' extended on input line 1365.
Package xcolor Info: Model `HTML' substituted by `rgb' on input line 1367.
Package xcolor Info: Model `Hsb' substituted by `hsb' on input line 1368.
Package xcolor Info: Model `tHsb' substituted by `hsb' on input line 1369.
Package xcolor Info: Model `HSB' substituted by `hsb' on input line 1370.
Package xcolor Info: Model `Gray' substituted by `gray' on input line 1371.
Package xcolor Info: Model `wave' substituted by `hsb' on input line 1372.
) (/home/nestor/.TinyTeX/texmf-dist/tex/latex/geometry/geometry.sty
Package: geometry 2026/03/07 v6.0 Page Geometry
(/home/nestor/.TinyTeX/texmf-dist/tex/latex/graphics/keyval.sty
Package: keyval 2022/05/29 v1.15 key=value parser (DPC)
\KV@toks@=\toks17
) (/home/nestor/.TinyTeX/texmf-dist/tex/generic/iftex/ifvtex.sty
Package: ifvtex 2019/10/25 v1.7 ifvtex legacy package. Use iftex instead.
(/home/nestor/.TinyTeX/texmf-dist/tex/generic/iftex/iftex.sty
Package: iftex 2024/12/12 v1.0g TeX engine tests
))
\Gm@cnth=\count283
\Gm@cntv=\count284
\c@Gm@tempcnt=\count285
\Gm@bindingoffset=\dimen151
\Gm@wd@mp=\dimen152
\Gm@odd@mp=\dimen153
\Gm@even@mp=\dimen154
\Gm@layoutwidth=\dimen155
\Gm@layoutheight=\dimen156
\Gm@layouthoffset=\dimen157
\Gm@layoutvoffset=\dimen158
\Gm@dimlist=\toks18
) (/home/nestor/.TinyTeX/texmf-dist/tex/latex/amsmath/amsmath.sty
Package: amsmath 2025/07/09 v2.17z AMS math features
\@mathmargin=\skip51
For additional information on amsmath, use the `?' option.
(/home/nestor/.TinyTeX/texmf-dist/tex/latex/amsmath/amstext.sty
Package: amstext 2024/11/17 v2.01 AMS text
(/home/nestor/.TinyTeX/texmf-dist/tex/latex/amsmath/amsgen.sty
File: amsgen.sty 1999/11/30 v2.0 generic functions
\@emptytoks=\toks19
\ex@=\dimen159
)) (/home/nestor/.TinyTeX/texmf-dist/tex/latex/amsmath/amsbsy.sty
Package: amsbsy 1999/11/29 v1.2d Bold Symbols
\pmbraise@=\dimen160
) (/home/nestor/.TinyTeX/texmf-dist/tex/latex/amsmath/amsopn.sty
Package: amsopn 2022/04/08 v2.04 operator names
)
\inf@bad=\count286
LaTeX Info: Redefining \frac on input line 233.
\uproot@=\count287
\leftroot@=\count288
LaTeX Info: Redefining \overline on input line 398.
LaTeX Info: Redefining \colon on input line 409.
\classnum@=\count289
\DOTSCASE@=\count290
LaTeX Info: Redefining \ldots on input line 495.
LaTeX Info: Redefining \dots on input line 498.
LaTeX Info: Redefining \cdots on input line 619.
\Mathstrutbox@=\box53
\strutbox@=\box54
LaTeX Info: Redefining \big on input line 721.
LaTeX Info: Redefining \Big on input line 722.
LaTeX Info: Redefining \bigg on input line 723.
LaTeX Info: Redefining \Bigg on input line 724.
\big@size=\dimen161
LaTeX Font Info:    Redeclaring font encoding OML on input line 742.
LaTeX Font Info:    Redeclaring font encoding OMS on input line 743.
\macc@depth=\count291
LaTeX Info: Redefining \bmod on input line 904.
LaTeX Info: Redefining \pmod on input line 909.
LaTeX Info: Redefining \smash on input line 939.
LaTeX Info: Redefining \relbar on input line 969.
LaTeX Info: Redefining \Relbar on input line 970.
\c@MaxMatrixCols=\count292
\dotsspace@=\muskip17
\c@parentequation=\count293
\dspbrk@lvl=\count294
\tag@help=\toks20
\row@=\count295
\column@=\count296
\maxfields@=\count297
\andhelp@=\toks21
\eqnshift@=\dimen162
\alignsep@=\dimen163
\tagshift@=\dimen164
\tagwidth@=\dimen165
\totwidth@=\dimen166
\lineht@=\dimen167
\@envbody=\toks22
\multlinegap=\skip52
\multlinetaggap=\skip53
\mathdisplay@stack=\toks23
LaTeX Info: Redefining \[ on input line 2950.
LaTeX Info: Redefining \] on input line 2951.
) (/home/nestor/.TinyTeX/texmf-dist/tex/latex/amsfonts/amssymb.sty
Package: amssymb 2013/01/14 v3.01 AMS font symbols
(/home/nestor/.TinyTeX/texmf-dist/tex/latex/amsfonts/amsfonts.sty
Package: amsfonts 2013/01/14 v3.01 Basic AMSFonts support
\symAMSa=\mathgroup4
\symAMSb=\mathgroup5
LaTeX Font Info:    Redeclaring math symbol \hbar on input line 98.
LaTeX Font Info:    Overwriting math alphabet `\mathfrak' in version `bold'
(Font)                  U/euf/m/n --> U/euf/b/n on input line 106.
)) (/home/nestor/.TinyTeX/texmf-dist/tex/latex/base/fontenc.sty
Package: fontenc 2025/07/18 v2.1d Standard LaTeX package
) (/home/nestor/.TinyTeX/texmf-dist/tex/latex/base/inputenc.sty
Package: inputenc 2024/02/08 v1.3d Input encoding file
\inpenc@prehook=\toks24
\inpenc@posthook=\toks25
) (/home/nestor/.TinyTeX/texmf-dist/tex/latex/base/textcomp.sty
Package: textcomp 2024/04/24 v2.1b Standard LaTeX package
) (/home/nestor/.TinyTeX/texmf-dist/tex/latex/lm/lmodern.sty
Package: lmodern 2015/05/01 v1.6.1 Latin Modern Fonts
LaTeX Font Info:    Overwriting symbol font `operators' in version `normal'
(Font)                  OT1/cmr/m/n --> OT1/lmr/m/n on input line 22.
LaTeX Font Info:    Overwriting symbol font `letters' in version `normal'
(Font)                  OML/cmm/m/it --> OML/lmm/m/it on input line 23.
LaTeX Font Info:    Overwriting symbol font `symbols' in version `normal'
(Font)                  OMS/cmsy/m/n --> OMS/lmsy/m/n on input line 24.
LaTeX Font Info:    Overwriting symbol font `largesymbols' in version `normal'
(Font)                  OMX/cmex/m/n --> OMX/lmex/m/n on input line 25.
LaTeX Font Info:    Overwriting symbol font `operators' in version `bold'
(Font)                  OT1/cmr/bx/n --> OT1/lmr/bx/n on input line 26.
LaTeX Font Info:    Overwriting symbol font `letters' in version `bold'
(Font)                  OML/cmm/b/it --> OML/lmm/b/it on input line 27.
LaTeX Font Info:    Overwriting symbol font `symbols' in version `bold'
(Font)                  OMS/cmsy/b/n --> OMS/lmsy/b/n on input line 28.
LaTeX Font Info:    Overwriting symbol font `largesymbols' in version `bold'
(Font)                  OMX/cmex/m/n --> OMX/lmex/m/n on input line 29.
LaTeX Font Info:    Overwriting math alphabet `\mathbf' in version `normal'
(Font)                  OT1/cmr/bx/n --> OT1/lmr/bx/n on input line 31.
LaTeX Font Info:    Overwriting math alphabet `\mathsf' in version `normal'
(Font)                  OT1/cmss/m/n --> OT1/lmss/m/n on input line 32.
LaTeX Font Info:    Overwriting math alphabet `\mathit' in version `normal'
(Font)                  OT1/cmr/m/it --> OT1/lmr/m/it on input line 33.
LaTeX Font Info:    Overwriting math alphabet `\mathtt' in version `normal'
(Font)                  OT1/cmtt/m/n --> OT1/lmtt/m/n on input line 34.
LaTeX Font Info:    Overwriting math alphabet `\mathbf' in version `bold'
(Font)                  OT1/cmr/bx/n --> OT1/lmr/bx/n on input line 35.
LaTeX Font Info:    Overwriting math alphabet `\mathsf' in version `bold'
(Font)                  OT1/cmss/bx/n --> OT1/lmss/bx/n on input line 36.
LaTeX Font Info:    Overwriting math alphabet `\mathit' in version `bold'
(Font)                  OT1/cmr/bx/it --> OT1/lmr/bx/it on input line 37.
LaTeX Font Info:    Overwriting math alphabet `\mathtt' in version `bold'
(Font)                  OT1/cmtt/m/n --> OT1/lmtt/m/n on input line 38.
) (/home/nestor/.TinyTeX/texmf-dist/tex/latex/fancyvrb/fancyvrb.sty
Package: fancyvrb 2026/04/16 4.6a verbatim text (tvz,hv)
\FV@CodeLineNo=\count298
\FV@InFile=\read2
\FV@TabBox=\box55
\c@FancyVerbLine=\count299
\FV@StepNumber=\count300
\FV@OutFile=\write3
) (/home/nestor/.TinyTeX/texmf-dist/tex/latex/framed/framed.sty
Package: framed 2011/10/22 v 0.96: framed or shaded text with page breaks
\OuterFrameSep=\skip54
\fb@frw=\dimen168
\fb@frh=\dimen169
\FrameRule=\dimen170
\FrameSep=\dimen171
) (/home/nestor/.TinyTeX/texmf-dist/tex/latex/tools/longtable.sty
Package: longtable 2025-10-13 v4.24 Multi-page Table package (DPC)
\LTleft=\skip55
\LTright=\skip56
\LTpre=\skip57
\LTpost=\skip58
\LTchunksize=\count301
\LTcapwidth=\dimen172
\LT@head=\box56
\LT@firsthead=\box57
\LT@foot=\box58
\LT@lastfoot=\box59
\LT@gbox=\box60
\LT@cols=\count302
\LT@rows=\count303
\c@LT@tables=\count304
\c@LT@chunks=\count305
\LT@p@ftn=\toks26
) (/home/nestor/.TinyTeX/texmf-dist/tex/latex/booktabs/booktabs.sty
Package: booktabs 2020/01/12 v1.61803398 Publication quality tables
\heavyrulewidth=\dimen173
\lightrulewidth=\dimen174
\cmidrulewidth=\dimen175
\belowrulesep=\dimen176
\belowbottomsep=\dimen177
\aboverulesep=\dimen178
\abovetopsep=\dimen179
\cmidrulesep=\dimen180
\cmidrulekern=\dimen181
\defaultaddspace=\dimen182
\@cmidla=\count306
\@cmidlb=\count307
\@aboverulesep=\dimen183
\@belowrulesep=\dimen184
\@thisruleclass=\count308
\@lastruleclass=\count309
\@thisrulewidth=\dimen185
) (/home/nestor/.TinyTeX/texmf-dist/tex/latex/tools/array.sty
Package: array 2025/09/25 v2.6n Tabular extension package (FMi)
\col@sep=\dimen186
\ar@mcellbox=\box61
\extrarowheight=\dimen187
\NC@list=\toks27
\extratabsurround=\skip59
\backup@length=\skip60
\ar@cellbox=\box62
)
\c@none=\count310
(/home/nestor/.TinyTeX/texmf-dist/tex/latex/tools/calc.sty
Package: calc 2025/03/01 v4.3b Infix arithmetic (KKT,FJ)
\calc@Acount=\count311
\calc@Bcount=\count312
\calc@Adimen=\dimen188
\calc@Bdimen=\dimen189
\calc@Askip=\skip61
\calc@Bskip=\skip62
LaTeX Info: Redefining \setlength on input line 86.
LaTeX Info: Redefining \addtolength on input line 87.
\calc@Ccount=\count313
\calc@Cskip=\skip63
) (/home/nestor/.TinyTeX/texmf-dist/tex/latex/etoolbox/etoolbox.sty
Package: etoolbox 2025/10/02 v2.5m e-TeX tools for LaTeX (JAW)
\etb@tempcnta=\count314
) (/home/nestor/.TinyTeX/texmf-dist/tex/latex/mdwtools/footnote.sty
Package: footnote 1997/01/28 1.13 Save footnotes around boxes
\fn@notes=\box63
\fn@width=\dimen190
) (/home/nestor/.TinyTeX/texmf-dist/tex/latex/graphics/graphicx.sty
Package: graphicx 2024/12/31 v1.2e Enhanced LaTeX Graphics (DPC,SPQR)
(/home/nestor/.TinyTeX/texmf-dist/tex/latex/graphics/graphics.sty
Package: graphics 2024/08/06 v1.4g Standard LaTeX Graphics (DPC,SPQR)
(/home/nestor/.TinyTeX/texmf-dist/tex/latex/graphics/trig.sty
Package: trig 2023/12/02 v1.11 sin cos tan (DPC)
) (/home/nestor/.TinyTeX/texmf-dist/tex/latex/graphics-cfg/graphics.cfg
File: graphics.cfg 2016/06/04 v1.11 sample graphics configuration
)
Package graphics Info: Driver file: pdftex.def on input line 106.
)
\Gin@req@height=\dimen191
\Gin@req@width=\dimen192
)
\pandoc@box=\box64
(/home/nestor/.TinyTeX/texmf-dist/tex/latex/multirow/multirow.sty
Package: multirow 2024/11/12 v2.9 Span multiple rows of a table
\multirow@colwidth=\skip64
\multirow@cntb=\count315
\multirow@dima=\skip65
\bigstrutjot=\dimen193
) (/home/nestor/.TinyTeX/texmf-dist/tex/latex/wrapfig/wrapfig.sty
\wrapoverhang=\dimen194
\WF@size=\dimen195
\c@WF@wrappedlines=\count316
\WF@box=\box65
\WF@everypar=\toks28
Package: wrapfig 2003/01/31  v 3.6
) (/home/nestor/.TinyTeX/texmf-dist/tex/latex/float/float.sty
Package: float 2001/11/08 v1.3d Float enhancements (AL)
\c@float@type=\count317
\float@exts=\toks29
\float@box=\box66
\@float@everytoks=\toks30
\@floatcapt=\box67
) (/home/nestor/.TinyTeX/texmf-dist/tex/latex/colortbl/colortbl.sty
Package: colortbl 2024/10/29 v1.0k Color table columns (DPC)
\everycr=\toks31
\minrowclearance=\skip66
\rownum=\count318
) (/home/nestor/.TinyTeX/texmf-dist/tex/latex/pdflscape/pdflscape.sty
Package: pdflscape 2025-06-23 v0.14 Display of landscape pages in PDF
(/home/nestor/.TinyTeX/texmf-dist/tex/latex/pdflscape/pdflscape-nometadata.sty
Package: pdflscape-nometadata 2025-06-23 v0.14 Display of landscape pages in PDF (HO)
(/home/nestor/.TinyTeX/texmf-dist/tex/latex/graphics/lscape.sty
Package: lscape 2020/05/28 v3.02 Landscape Pages (DPC)
)
Package pdflscape Info: Auto-detected driver: pdftex on input line 81.
)) (/home/nestor/.TinyTeX/texmf-dist/tex/latex/tabu/tabu.sty
Package: tabu 2019/01/11 v2.9 - flexible LaTeX tabulars (FC+tabu-fixed)
(/home/nestor/.TinyTeX/texmf-dist/tex/latex/varwidth/varwidth.sty
Package: varwidth 2009/03/30 ver 0.92;  Variable-width minipages
\@vwid@box=\box68
\sift@deathcycles=\count319
\@vwid@loff=\dimen196
\@vwid@roff=\dimen197
)
==> First Aid for varwidth.sty applied!
\c@taburow=\count320
\tabu@nbcols=\count321
\tabu@cnt=\count322
\tabu@Xcol=\count323
\tabu@alloc=\count324
\tabu@nested=\count325
\tabu@target=\dimen198
\tabu@spreadtarget=\dimen199
\tabu@naturalX=\dimen256
\tabucolX=\dimen257
\tabu@Xsum=\dimen258
\extrarowdepth=\dimen259
\abovetabulinesep=\dimen260
\belowtabulinesep=\dimen261
\tabustrutrule=\dimen262
\tabu@thebody=\toks32
\tabu@footnotes=\toks33
\tabu@box=\box69
\tabu@arstrutbox=\box70
\tabu@hleads=\box71
\tabu@vleads=\box72
\tabu@cellskip=\skip67
) (/home/nestor/.TinyTeX/texmf-dist/tex/latex/threeparttable/threeparttable.sty
Package: threeparttable 2003/06/13  v 3.0
\@tempboxb=\box73
) (/home/nestor/.TinyTeX/texmf-dist/tex/latex/threeparttablex/threeparttablex.sty
Package: threeparttablex 2013/07/23 v0.3 by daleif
(/home/nestor/.TinyTeX/texmf-dist/tex/latex/environ/environ.sty
Package: environ 2014/05/04 v0.3 A new way to define environments
(/home/nestor/.TinyTeX/texmf-dist/tex/latex/trimspaces/trimspaces.sty
Package: trimspaces 2009/09/17 v1.1 Trim spaces around a token list
))
\TPTL@width=\skip68
) (/home/nestor/.TinyTeX/texmf-dist/tex/generic/ulem/ulem.sty
\UL@box=\box74
\UL@hyphenbox=\box75
\UL@skip=\skip69
\UL@hook=\toks34
\UL@height=\dimen263
\UL@pe=\count326
\UL@pixel=\dimen264
\ULC@box=\box76
Package: ulem 2019/11/18
\ULdepth=\dimen265
) (/home/nestor/.TinyTeX/texmf-dist/tex/latex/makecell/makecell.sty
Package: makecell 2009/08/03 V0.1e Managing of Tab Column Heads and Cells
\rotheadsize=\dimen266
\c@nlinenum=\count327
\TeXr@lab=\toks35
) (/home/nestor/.TinyTeX/texmf-dist/tex/latex/bookmark/bookmark.sty
Package: bookmark 2023-12-10 v1.31 PDF bookmarks (HO)
(/home/nestor/.TinyTeX/texmf-dist/tex/latex/hyperref/hyperref.sty
Package: hyperref 2026-04-24 v7.01q Hypertext links for LaTeX
(/home/nestor/.TinyTeX/texmf-dist/tex/latex/kvsetkeys/kvsetkeys.sty
Package: kvsetkeys 2022-10-05 v1.19 Key value parser (HO)
) (/home/nestor/.TinyTeX/texmf-dist/tex/generic/kvdefinekeys/kvdefinekeys.sty
Package: kvdefinekeys 2019-12-19 v1.6 Define keys (HO)
) (/home/nestor/.TinyTeX/texmf-dist/tex/generic/pdfescape/pdfescape.sty
Package: pdfescape 2019/12/09 v1.15 Implements pdfTeX's escape features (HO)
(/home/nestor/.TinyTeX/texmf-dist/tex/generic/ltxcmds/ltxcmds.sty
Package: ltxcmds 2023-12-04 v1.26 LaTeX kernel commands for general use (HO)
) (/home/nestor/.TinyTeX/texmf-dist/tex/generic/pdftexcmds/pdftexcmds.sty
Package: pdftexcmds 2020-06-27 v0.33 Utility functions of pdfTeX for LuaTeX (HO)
(/home/nestor/.TinyTeX/texmf-dist/tex/generic/infwarerr/infwarerr.sty
Package: infwarerr 2019/12/03 v1.5 Providing info/warning/error messages (HO)
)
Package pdftexcmds Info: \pdf@primitive is available.
Package pdftexcmds Info: \pdf@ifprimitive is available.
Package pdftexcmds Info: \pdfdraftmode found.
)) (/home/nestor/.TinyTeX/texmf-dist/tex/latex/hycolor/hycolor.sty
Package: hycolor 2020-01-27 v1.10 Color options for hyperref/bookmark (HO)
) (/home/nestor/.TinyTeX/texmf-dist/tex/latex/hyperref/nameref.sty
Package: nameref 2026-01-29 v2.58 Cross-referencing by name of section
(/home/nestor/.TinyTeX/texmf-dist/tex/latex/refcount/refcount.sty
Package: refcount 2019/12/15 v3.6 Data extraction from label references (HO)
) (/home/nestor/.TinyTeX/texmf-dist/tex/generic/gettitlestring/gettitlestring.sty
Package: gettitlestring 2019/12/15 v1.6 Cleanup title references (HO)
(/home/nestor/.TinyTeX/texmf-dist/tex/latex/kvoptions/kvoptions.sty
Package: kvoptions 2022-06-15 v3.15 Key value format for package options (HO)
))
\c@section@level=\count328
) (/home/nestor/.TinyTeX/texmf-dist/tex/generic/stringenc/stringenc.sty
Package: stringenc 2019/11/29 v1.12 Convert strings between diff. encodings (HO)
)
\@linkdim=\dimen267
\Hy@linkcounter=\count329
\Hy@pagecounter=\count330
(/home/nestor/.TinyTeX/texmf-dist/tex/latex/hyperref/pd1enc.def
File: pd1enc.def 2026-04-24 v7.01q Hyperref: PDFDocEncoding definition (HO)
Now handling font encoding PD1 ...
... no UTF-8 mapping file for font encoding PD1
) (/home/nestor/.TinyTeX/texmf-dist/tex/generic/intcalc/intcalc.sty
Package: intcalc 2019/12/15 v1.3 Expandable calculations with integers (HO)
)
\Hy@SavedSpaceFactor=\count331
(/home/nestor/.TinyTeX/texmf-dist/tex/latex/hyperref/puenc.def
File: puenc.def 2026-04-24 v7.01q Hyperref: PDF Unicode definition (HO)
Now handling font encoding PU ...
... no UTF-8 mapping file for font encoding PU
)
Package hyperref Info: Option `unicode' set `true' on input line 4070.
Package hyperref Info: Hyper figures OFF on input line 4199.
Package hyperref Info: Link nesting OFF on input line 4204.
Package hyperref Info: Hyper index ON on input line 4207.
Package hyperref Info: Plain pages OFF on input line 4214.
Package hyperref Info: Backreferencing OFF on input line 4219.
Package hyperref Info: Implicit mode ON; LaTeX internals redefined.
Package hyperref Info: Bookmarks ON on input line 4466.
\c@Hy@tempcnt=\count332
(/home/nestor/.TinyTeX/texmf-dist/tex/latex/url/url.sty
\Urlmuskip=\muskip18
Package: url 2013/09/16  ver 3.4  Verb mode for urls, etc.
)
LaTeX Info: Redefining \url on input line 4805.
\XeTeXLinkMargin=\dimen268
(/home/nestor/.TinyTeX/texmf-dist/tex/generic/bitset/bitset.sty
Package: bitset 2019/12/09 v1.3 Handle bit-vector datatype (HO)
(/home/nestor/.TinyTeX/texmf-dist/tex/generic/bigintcalc/bigintcalc.sty
Package: bigintcalc 2019/12/15 v1.5 Expandable calculations on big integers (HO)
))
\Fld@menulength=\count333
\Field@Width=\dimen269
\Fld@charsize=\dimen270
Package hyperref Info: Hyper figures OFF on input line 6091.
Package hyperref Info: Link nesting OFF on input line 6096.
Package hyperref Info: Hyper index ON on input line 6099.
Package hyperref Info: backreferencing OFF on input line 6106.
Package hyperref Info: Link coloring OFF on input line 6111.
Package hyperref Info: Link coloring with OCG OFF on input line 6116.
Package hyperref Info: PDF/A mode OFF on input line 6121.
\Hy@abspage=\count334
\c@Item=\count335
\c@Hfootnote=\count336
)
Package hyperref Info: Driver (autodetected): hpdftex.
(/home/nestor/.TinyTeX/texmf-dist/tex/latex/hyperref/hpdftex.def
File: hpdftex.def 2026-04-24 v7.01q Hyperref driver for pdfTeX
\Fld@listcount=\count337
\c@bookmark@seq@number=\count338
(/home/nestor/.TinyTeX/texmf-dist/tex/latex/rerunfilecheck/rerunfilecheck.sty
Package: rerunfilecheck 2025-06-21 v1.11 Rerun checks for auxiliary files (HO)
(/home/nestor/.TinyTeX/texmf-dist/tex/generic/uniquecounter/uniquecounter.sty
Package: uniquecounter 2019/12/15 v1.4 Provide unlimited unique counter (HO)
)
Package uniquecounter Info: New unique counter `rerunfilecheck' on input line 284.
)
\Hy@SectionHShift=\skip70
) (/home/nestor/.TinyTeX/texmf-dist/tex/latex/bookmark/bkm-pdftex.def
File: bkm-pdftex.def 2023-12-10 v1.31 bookmark driver for pdfTeX and luaTeX (HO)
\BKM@id=\count339
))
LaTeX Font Info:    Trying to load font information for T1+lmr on input line 137.
(/home/nestor/.TinyTeX/texmf-dist/tex/latex/lm/t1lmr.fd
File: t1lmr.fd 2015/05/01 v1.6.1 Font defs for Latin Modern
) (/home/nestor/.TinyTeX/texmf-dist/tex/latex/l3backend/l3backend-pdftex.def
File: l3backend-pdftex.def 2026-02-18 L3 backend support: PDF output (pdfTeX)
\l__color_backend_stack_int=\count340
) (./Huber2020_reproduced.aux

LaTeX Warning: Label `tab:unnamed-chunk-20' multiply defined.

)
\openout1 = `Huber2020_reproduced.aux'.

LaTeX Font Info:    Checking defaults for OML/cmm/m/it on input line 137.
LaTeX Font Info:    ... okay on input line 137.
LaTeX Font Info:    Checking defaults for OMS/cmsy/m/n on input line 137.
LaTeX Font Info:    ... okay on input line 137.
LaTeX Font Info:    Checking defaults for OT1/cmr/m/n on input line 137.
LaTeX Font Info:    ... okay on input line 137.
LaTeX Font Info:    Checking defaults for T1/cmr/m/n on input line 137.
LaTeX Font Info:    ... okay on input line 137.
LaTeX Font Info:    Checking defaults for TS1/cmr/m/n on input line 137.
LaTeX Font Info:    ... okay on input line 137.
LaTeX Font Info:    Checking defaults for OMX/cmex/m/n on input line 137.
LaTeX Font Info:    ... okay on input line 137.
LaTeX Font Info:    Checking defaults for U/cmr/m/n on input line 137.
LaTeX Font Info:    ... okay on input line 137.
LaTeX Font Info:    Checking defaults for PD1/pdf/m/n on input line 137.
LaTeX Font Info:    ... okay on input line 137.
LaTeX Font Info:    Checking defaults for PU/pdf/m/n on input line 137.
LaTeX Font Info:    ... okay on input line 137.
(/home/nestor/.TinyTeX/texmf-dist/tex/latex/epstopdf-pkg/epstopdf-base.sty
Package: epstopdf-base 2020-01-24 v2.11 Base part for package epstopdf
Package epstopdf-base Info: Redefining graphics rule for `.eps' on input line 485.
(/home/nestor/.TinyTeX/texmf-dist/tex/latex/latexconfig/epstopdf-sys.cfg
File: epstopdf-sys.cfg 2010/07/13 v1.3 Configuration of (r)epstopdf for TeX Live
))
*geometry* driver: auto-detecting
*geometry* detected driver: pdftex
*geometry* verbose mode - [ preamble ] result:
* driver: pdftex
* paper: <default>
* layout: <same size as paper>
* layoutoffset:(h,v)=(0.0pt,0.0pt)
* modes: 
* h-part:(L,W,R)=(72.26999pt, 469.75502pt, 72.26999pt)
* v-part:(T,H,B)=(72.26999pt, 650.43001pt, 72.26999pt)
* \paperwidth=614.295pt
* \paperheight=794.96999pt
* \textwidth=469.75502pt
* \textheight=650.43001pt
* \oddsidemargin=0.0pt
* \evensidemargin=0.0pt
* \topmargin=-37.0pt
* \headheight=12.0pt
* \headsep=25.0pt
* \topskip=10.0pt
* \footskip=30.0pt
* \marginparwidth=65.0pt
* \marginparsep=11.0pt
* \columnsep=10.0pt
* \skip\footins=9.0pt plus 4.0pt minus 2.0pt
* \hoffset=0.0pt
* \voffset=0.0pt
* \mag=1000
* \@twocolumnfalse
* \@twosidefalse
* \@mparswitchfalse
* \@reversemarginfalse
* (1in=72.27pt=25.4mm, 1cm=28.453pt)

Package hyperref Info: Link coloring OFF on input line 137.
LaTeX Font Info:    Trying to load font information for OT1+lmr on input line 139.
(/home/nestor/.TinyTeX/texmf-dist/tex/latex/lm/ot1lmr.fd
File: ot1lmr.fd 2015/05/01 v1.6.1 Font defs for Latin Modern
)
LaTeX Font Info:    Trying to load font information for OML+lmm on input line 139.
(/home/nestor/.TinyTeX/texmf-dist/tex/latex/lm/omllmm.fd
File: omllmm.fd 2015/05/01 v1.6.1 Font defs for Latin Modern
)
LaTeX Font Info:    Trying to load font information for OMS+lmsy on input line 139.
(/home/nestor/.TinyTeX/texmf-dist/tex/latex/lm/omslmsy.fd
File: omslmsy.fd 2015/05/01 v1.6.1 Font defs for Latin Modern
)
LaTeX Font Info:    Trying to load font information for OMX+lmex on input line 139.
(/home/nestor/.TinyTeX/texmf-dist/tex/latex/lm/omxlmex.fd
File: omxlmex.fd 2015/05/01 v1.6.1 Font defs for Latin Modern
)
LaTeX Font Info:    External font `lmex10' loaded for size
(Font)              <12> on input line 139.
LaTeX Font Info:    External font `lmex10' loaded for size
(Font)              <8> on input line 139.
LaTeX Font Info:    External font `lmex10' loaded for size
(Font)              <6> on input line 139.
LaTeX Font Info:    Trying to load font information for U+msa on input line 139.
(/home/nestor/.TinyTeX/texmf-dist/tex/latex/amsfonts/umsa.fd
File: umsa.fd 2013/01/14 v3.01 AMS symbols A
)
LaTeX Font Info:    Trying to load font information for U+msb on input line 139.
(/home/nestor/.TinyTeX/texmf-dist/tex/latex/amsfonts/umsb.fd
File: umsb.fd 2013/01/14 v3.01 AMS symbols B
)
LaTeX Font Info:    Trying to load font information for T1+lmtt on input line 152.
(/home/nestor/.TinyTeX/texmf-dist/tex/latex/lm/t1lmtt.fd
File: t1lmtt.fd 2015/05/01 v1.6.1 Font defs for Latin Modern
)
LaTeX Font Info:    Font shape `T1/lmtt/bx/n' in size <10> not available
(Font)              Font shape `T1/lmtt/b/n' tried instead on input line 153.
[1

{/home/nestor/.TinyTeX/texmf-var/fonts/map/pdftex/updmap/pdftex.map}{/home/nestor/.TinyTeX/texmf-dist/fonts/enc/dvips/lm/lm-ec.enc}] [2]
Underfull \vbox (badness 10000) detected at line 394
 []


Underfull \vbox (badness 10000) detected at line 394
 []

[3]
Underfull \vbox (badness 10000) detected at line 394
 []


Underfull \vbox (badness 10000) detected at line 394
 []

[4] [5]
Underfull \vbox (badness 10000) detected at line 590
 []


Underfull \vbox (badness 10000) detected at line 590
 []

[6]
Underfull \vbox (badness 10000) detected at line 590
 []


Underfull \vbox (badness 10000) detected at line 590
 []

[7]
Underfull \vbox (badness 10000) detected at line 590
 []


Underfull \vbox (badness 10000) detected at line 590
 []

[8]
Overfull \vbox (0.11345pt too high) detected at line 701
 []

[9]
Underfull \vbox (badness 10000) detected at line 701
 []


Underfull \vbox (badness 10000) detected at line 701
 []

[10] [11]
Underfull \vbox (badness 10000) detected at line 809
 []


Underfull \vbox (badness 10000) detected at line 809
 []

[12] [13] [14] [15]
LaTeX Font Info:    Trying to load font information for TS1+lmtt on input line 979.
(/home/nestor/.TinyTeX/texmf-dist/tex/latex/lm/ts1lmtt.fd
File: ts1lmtt.fd 2015/05/01 v1.6.1 Font defs for Latin Modern
)
Overfull \hbox (322.99268pt too wide) in paragraph at lines 1023--1023
[]\T1/lmtt/m/n/10 ## Warning in left_join(reshaped, reshaped_norms %>% group_by(prof, treatment1, : Detected an unexpected many-to-many relationship between `x` and `y`.[] 
 []

[16{/home/nestor/.TinyTeX/texmf-dist/fonts/enc/dvips/lm/lm-ts1.enc}] [17]
Overfull \hbox (627.49179pt too wide) in paragraph at lines 1104--1104
[]\T1/lmtt/m/n/10 ## data:  t(tt %>% filter(treatment == "su_ha_abs") %>% mutate(truths = 5 - lies) %>% group_by(prof1) %>% summarise(lies = sum(lies), truths = sum(truths)) %>% drop_na() %>% ungroup() %>% select(lies, truths))[] 
 []


Overfull \hbox (837.49118pt too wide) in paragraph at lines 1135--1135
[]\T1/lmtt/m/n/10 ## data:  tt %>% filter(treatment == "su_ha_abs") %>% mutate(truths = 5 - lies) %>% group_by(prof1, truths) %>% summarise(n = n()) %>% pivot_wider(names_from = prof1, values_from = n) %>% select(`0`, `1`) %>% mutate(`0` = ifelse(is.na(`0`), 0, `0`))[] 
 []


Overfull \hbox (627.49179pt too wide) in paragraph at lines 1162--1162
[]\T1/lmtt/m/n/10 ## data:  t(tt %>% filter(treatment == "su_ha_neu") %>% mutate(truths = 5 - lies) %>% group_by(prof1) %>% summarise(lies = sum(lies), truths = sum(truths)) %>% drop_na() %>% ungroup() %>% select(lies, truths))[] 
 []

[18]
Overfull \hbox (632.74178pt too wide) in paragraph at lines 1189--1189
[]\T1/lmtt/m/n/10 ## data:  t(tt %>% filter(treatment == "sh_sev_fin") %>% mutate(truths = 5 - lies) %>% group_by(prof1) %>% summarise(lies = sum(lies), truths = sum(truths)) %>% drop_na() %>% ungroup() %>% select(lies, truths))[] 
 []


Overfull \hbox (853.24113pt too wide) in paragraph at lines 1217--1217
[]\T1/lmtt/m/n/10 ## data:  t(tt %>% filter(treatment == "su_ha_abs" | treatment == "su_ha_neu", prof1 == 1) %>% mutate(truths = 5 - lies) %>% group_by(treatment) %>% summarise(lies = sum(lies), truths = sum(truths)) %>% drop_na() %>% ungroup() %>% select(lies, truths))[] 
 []

[19]
Overfull \hbox (858.49112pt too wide) in paragraph at lines 1245--1245
[]\T1/lmtt/m/n/10 ## data:  t(tt %>% filter(treatment == "su_ha_neu" | treatment == "sh_sev_fin", prof1 == 1) %>% mutate(truths = 5 - lies) %>% group_by(treatment) %>% summarise(lies = sum(lies), truths = sum(truths)) %>% drop_na() %>% ungroup() %>% select(lies, truths))[] 
 []


Overfull \hbox (853.24113pt too wide) in paragraph at lines 1273--1273
[]\T1/lmtt/m/n/10 ## data:  t(tt %>% filter(treatment == "su_ha_neu" | treatment == "sh_ha_fin", prof1 == 1) %>% mutate(truths = 5 - lies) %>% group_by(treatment) %>% summarise(lies = sum(lies), truths = sum(truths)) %>% drop_na() %>% ungroup() %>% select(lies, truths))[] 
 []

[20]
Overfull \hbox (853.24113pt too wide) in paragraph at lines 1301--1301
[]\T1/lmtt/m/n/10 ## data:  t(tt %>% filter(treatment == "su_ha_neu" | treatment == "su_ha_fin", prof1 == 1) %>% mutate(truths = 5 - lies) %>% group_by(treatment) %>% summarise(lies = sum(lies), truths = sum(truths)) %>% drop_na() %>% ungroup() %>% select(lies, truths))[] 
 []


Overfull \hbox (858.49112pt too wide) in paragraph at lines 1329--1329
[]\T1/lmtt/m/n/10 ## data:  t(tt %>% filter(treatment == "su_ha_neu" | treatment == "su_sev_fin", prof1 == 1) %>% mutate(truths = 5 - lies) %>% group_by(treatment) %>% summarise(lies = sum(lies), truths = sum(truths)) %>% drop_na() %>% ungroup() %>% select(lies, truths))[] 
 []


Overfull \hbox (858.49112pt too wide) in paragraph at lines 1357--1357
[]\T1/lmtt/m/n/10 ## data:  t(tt %>% filter(treatment == "su_ha_abs" | treatment == "sh_sev_fin", prof1 == 1) %>% mutate(truths = 5 - lies) %>% group_by(treatment) %>% summarise(lies = sum(lies), truths = sum(truths)) %>% drop_na() %>% ungroup() %>% select(lies, truths))[] 
 []

[21]
Overfull \hbox (853.24113pt too wide) in paragraph at lines 1385--1385
[]\T1/lmtt/m/n/10 ## data:  t(tt %>% filter(treatment == "su_ha_abs" | treatment == "sh_ha_fin", prof1 == 1) %>% mutate(truths = 5 - lies) %>% group_by(treatment) %>% summarise(lies = sum(lies), truths = sum(truths)) %>% drop_na() %>% ungroup() %>% select(lies, truths))[] 
 []


Overfull \hbox (853.24113pt too wide) in paragraph at lines 1413--1413
[]\T1/lmtt/m/n/10 ## data:  t(tt %>% filter(treatment == "su_ha_abs" | treatment == "su_ha_fin", prof1 == 1) %>% mutate(truths = 5 - lies) %>% group_by(treatment) %>% summarise(lies = sum(lies), truths = sum(truths)) %>% drop_na() %>% ungroup() %>% select(lies, truths))[] 
 []

[22]
Overfull \hbox (858.49112pt too wide) in paragraph at lines 1441--1441
[]\T1/lmtt/m/n/10 ## data:  t(tt %>% filter(treatment == "su_ha_abs" | treatment == "su_sev_fin", prof1 == 1) %>% mutate(truths = 5 - lies) %>% group_by(treatment) %>% summarise(lies = sum(lies), truths = sum(truths)) %>% drop_na() %>% ungroup() %>% select(lies, truths))[] 
 []


Overfull \hbox (926.74092pt too wide) in paragraph at lines 1469--1469
[]\T1/lmtt/m/n/10 ## data:  t(tt %>% filter((treatment == "su_ha_abs" & prof1 == 0) | (treatment == "sh_ha_fin" & prof1 == 1)) %>% mutate(truths = 5 - lies) %>% group_by(prof1) %>% summarise(lies = sum(lies), truths = sum(truths)) %>% drop_na() %>% ungroup() %>% select(lies, truths))[] 
 []


Overfull \hbox (926.74092pt too wide) in paragraph at lines 1497--1497
[]\T1/lmtt/m/n/10 ## data:  t(tt %>% filter((treatment == "su_ha_abs" & prof1 == 0) | (treatment == "su_ha_fin" & prof1 == 1)) %>% mutate(truths = 5 - lies) %>% group_by(prof1) %>% summarise(lies = sum(lies), truths = sum(truths)) %>% drop_na() %>% ungroup() %>% select(lies, truths))[] 
 []

[23]
Overfull \hbox (931.9909pt too wide) in paragraph at lines 1525--1525
[]\T1/lmtt/m/n/10 ## data:  t(tt %>% filter((treatment == "su_ha_abs" & prof1 == 0) | (treatment == "su_sev_fin" & prof1 == 1)) %>% mutate(truths = 5 - lies) %>% group_by(prof1) %>% summarise(lies = sum(lies), truths = sum(truths)) %>% drop_na() %>% ungroup() %>% select(lies, truths))[] 
 []


Overfull \hbox (926.74092pt too wide) in paragraph at lines 1553--1553
[]\T1/lmtt/m/n/10 ## data:  t(tt %>% filter((treatment == "su_ha_neu" & prof1 == 0) | (treatment == "sh_ha_fin" & prof1 == 1)) %>% mutate(truths = 5 - lies) %>% group_by(prof1) %>% summarise(lies = sum(lies), truths = sum(truths)) %>% drop_na() %>% ungroup() %>% select(lies, truths))[] 
 []

[24]
Overfull \hbox (926.74092pt too wide) in paragraph at lines 1581--1581
[]\T1/lmtt/m/n/10 ## data:  t(tt %>% filter((treatment == "su_ha_neu" & prof1 == 0) | (treatment == "su_ha_fin" & prof1 == 1)) %>% mutate(truths = 5 - lies) %>% group_by(prof1) %>% summarise(lies = sum(lies), truths = sum(truths)) %>% drop_na() %>% ungroup() %>% select(lies, truths))[] 
 []


Overfull \hbox (931.9909pt too wide) in paragraph at lines 1609--1609
[]\T1/lmtt/m/n/10 ## data:  t(tt %>% filter((treatment == "su_ha_neu" & prof1 == 0) | (treatment == "su_sev_fin" & prof1 == 1)) %>% mutate(truths = 5 - lies) %>% group_by(prof1) %>% summarise(lies = sum(lies), truths = sum(truths)) %>% drop_na() %>% ungroup() %>% select(lies, truths))[] 
 []

[25]
Overfull \hbox (931.9909pt too wide) in paragraph at lines 1637--1637
[]\T1/lmtt/m/n/10 ## data:  t(tt %>% filter((treatment == "sh_sev_fin" & prof1 == 0) | (treatment == "sh_ha_fin" & prof1 == 1)) %>% mutate(truths = 5 - lies) %>% group_by(prof1) %>% summarise(lies = sum(lies), truths = sum(truths)) %>% drop_na() %>% ungroup() %>% select(lies, truths))[] 
 []


Overfull \hbox (931.9909pt too wide) in paragraph at lines 1665--1665
[]\T1/lmtt/m/n/10 ## data:  t(tt %>% filter((treatment == "sh_sev_fin" & prof1 == 0) | (treatment == "su_ha_fin" & prof1 == 1)) %>% mutate(truths = 5 - lies) %>% group_by(prof1) %>% summarise(lies = sum(lies), truths = sum(truths)) %>% drop_na() %>% ungroup() %>% select(lies, truths))[] 
 []


Overfull \hbox (937.24089pt too wide) in paragraph at lines 1693--1693
[]\T1/lmtt/m/n/10 ## data:  t(tt %>% filter((treatment == "sh_sev_fin" & prof1 == 0) | (treatment == "su_sev_fin" & prof1 == 1)) %>% mutate(truths = 5 - lies) %>% group_by(prof1) %>% summarise(lies = sum(lies), truths = sum(truths)) %>% drop_na() %>% ungroup() %>% select(lies, truths))[] 
 []

[26] [27] [28] [29] [30] [31] [32] [33] [34] [35] [36] [37]
Underfull \vbox (badness 10000) detected at line 2613
 []


Underfull \vbox (badness 10000) detected at line 2613
 []

[38] [39]
LaTeX Font Info:    External font `lmex10' loaded for size
(Font)              <10> on input line 2651.
LaTeX Font Info:    External font `lmex10' loaded for size
(Font)              <7> on input line 2651.
LaTeX Font Info:    External font `lmex10' loaded for size
(Font)              <5> on input line 2651.

Overfull \hbox (4.83646pt too wide) in paragraph at lines 2660--2660
 \T1/lmr/m/n/10 PROF1norms|
 []


Overfull \hbox (4.83646pt too wide) in paragraph at lines 2660--2660
 \T1/lmr/m/n/10 PROF1norms|
 []


Overfull \hbox (4.83646pt too wide) in paragraph at lines 2688--2688
 \T1/lmr/m/n/10 PROF0norms|
 []


Overfull \hbox (4.83646pt too wide) in paragraph at lines 2688--2688
 \T1/lmr/m/n/10 PROF0norms|
 []


Overfull \hbox (4.83646pt too wide) in paragraph at lines 2688--2688
 \T1/lmr/m/n/10 PROF2norms|
 []


Overfull \hbox (4.83646pt too wide) in paragraph at lines 2688--2688
 \T1/lmr/m/n/10 PROF2norms|
 []

[40] [41] [42] [43]
<Huber2020_reproduced_files/Huber2020_reproduced_files/figure-latex/unnamed-chunk-22-1.pdf, id=215, 469.755pt x 325.215pt>
File: Huber2020_reproduced_files/Huber2020_reproduced_files/figure-latex/unnamed-chunk-22-1.pdf Graphic file (type pdf)
<use Huber2020_reproduced_files/Huber2020_reproduced_files/figure-latex/unnamed-chunk-22-1.pdf>
Package pdftex.def Info: Huber2020_reproduced_files/Huber2020_reproduced_files/figure-latex/unnamed-chunk-22-1.pdf  used on input line 2967.
(pdftex.def)             Requested size: 469.75386pt x 325.2142pt.
[44] [45 <./Huber2020_reproduced_files/Huber2020_reproduced_files/figure-latex/unnamed-chunk-22-1.pdf>]
<Huber2020_reproduced_files/Huber2020_reproduced_files/figure-latex/unnamed-chunk-23-1.pdf, id=229, 469.755pt x 325.215pt>
File: Huber2020_reproduced_files/Huber2020_reproduced_files/figure-latex/unnamed-chunk-23-1.pdf Graphic file (type pdf)
<use Huber2020_reproduced_files/Huber2020_reproduced_files/figure-latex/unnamed-chunk-23-1.pdf>
Package pdftex.def Info: Huber2020_reproduced_files/Huber2020_reproduced_files/figure-latex/unnamed-chunk-23-1.pdf  used on input line 3034.
(pdftex.def)             Requested size: 469.75386pt x 325.2142pt.
[46] [47 <./Huber2020_reproduced_files/Huber2020_reproduced_files/figure-latex/unnamed-chunk-23-1.pdf>]
<Huber2020_reproduced_files/Huber2020_reproduced_files/figure-latex/unnamed-chunk-24-1.pdf, id=244, 469.755pt x 325.215pt>
File: Huber2020_reproduced_files/Huber2020_reproduced_files/figure-latex/unnamed-chunk-24-1.pdf Graphic file (type pdf)
<use Huber2020_reproduced_files/Huber2020_reproduced_files/figure-latex/unnamed-chunk-24-1.pdf>
Package pdftex.def Info: Huber2020_reproduced_files/Huber2020_reproduced_files/figure-latex/unnamed-chunk-24-1.pdf  used on input line 3117.
(pdftex.def)             Requested size: 469.75386pt x 325.2142pt.
[48] [49 <./Huber2020_reproduced_files/Huber2020_reproduced_files/figure-latex/unnamed-chunk-24-1.pdf>] [50] [51] [52]
Overfull \hbox (91.99335pt too wide) in paragraph at lines 3430--3430
[]\T1/lmtt/m/n/10 ## treatment1su_ha_neu - treatment1sh_sev_fin  + treatment1su_ha_neu:prof1 - treatment1sh_sev_fin:prof1 = 0[] 
 []

[53]
Overfull \hbox (91.99335pt too wide) in paragraph at lines 3451--3451
[]\T1/lmtt/m/n/10 ## treatment1su_ha_neu - treatment1sh_sev_fin  + treatment1su_ha_neu:prof1 - treatment1sh_sev_fin:prof1 = 0[] 
 []

[54] [55] [56] [57]
Overfull \hbox (60.49344pt too wide) in paragraph at lines 3741--3741
[]\T1/lmtt/m/n/10 ## ==================================================================================================[] 
 []


Overfull \hbox (60.49344pt too wide) in paragraph at lines 3741--3741
[]\T1/lmtt/m/n/10 ##                            -----------------------------------------------------------------------[] 
 []


Overfull \hbox (23.74355pt too wide) in paragraph at lines 3741--3741
[]\T1/lmtt/m/n/10 ##                                   (1)               (2)               (3)               (4)[] 
 []


Overfull \hbox (60.49344pt too wide) in paragraph at lines 3741--3741
[]\T1/lmtt/m/n/10 ## --------------------------------------------------------------------------------------------------[] 
 []


Overfull \hbox (39.4935pt too wide) in paragraph at lines 3741--3741
[]\T1/lmtt/m/n/10 ## as.numeric(cost)               -0.170***         -0.170***         -0.170***         -0.170***[] 
 []


Overfull \hbox (34.24352pt too wide) in paragraph at lines 3741--3741
[]\T1/lmtt/m/n/10 ##                                 (0.008)           (0.008)           (0.008)           (0.008)[] 
 []


Overfull \hbox (28.99353pt too wide) in paragraph at lines 3741--3741
[]\T1/lmtt/m/n/10 ## treatment1su_ha_neu             0.103**           0.091**            0.061             0.060[] 
 []


Overfull \hbox (34.24352pt too wide) in paragraph at lines 3741--3741
[]\T1/lmtt/m/n/10 ##                                 (0.043)           (0.043)           (0.050)           (0.052)[] 
 []


Overfull \hbox (28.99353pt too wide) in paragraph at lines 3741--3741
[]\T1/lmtt/m/n/10 ## treatment1sh_sev_fin           0.129***          0.125***            0.028             0.006[] 
 []


Overfull \hbox (34.24352pt too wide) in paragraph at lines 3741--3741
[]\T1/lmtt/m/n/10 ##                                 (0.044)           (0.041)           (0.043)           (0.046)[] 
 []


Overfull \hbox (34.24352pt too wide) in paragraph at lines 3741--3741
[]\T1/lmtt/m/n/10 ## prof1                                            0.195***            0.082            0.156**[] 
 []


Overfull \hbox (34.24352pt too wide) in paragraph at lines 3741--3741
[]\T1/lmtt/m/n/10 ##                                                   (0.036)           (0.067)           (0.070)[] 
 []


Overfull \hbox (28.99353pt too wide) in paragraph at lines 3741--3741
[]\T1/lmtt/m/n/10 ## female                                                                                 0.002[] 
 []


Overfull \hbox (34.24352pt too wide) in paragraph at lines 3741--3741
[]\T1/lmtt/m/n/10 ##                                                                                       (0.040)[] 
 []


Overfull \hbox (34.24352pt too wide) in paragraph at lines 3741--3741
[]\T1/lmtt/m/n/10 ## risk                                                                                  -0.020*[] 
 []


Overfull \hbox (34.24352pt too wide) in paragraph at lines 3741--3741
[]\T1/lmtt/m/n/10 ##                                                                                       (0.012)[] 
 []


Overfull \hbox (39.4935pt too wide) in paragraph at lines 3741--3741
[]\T1/lmtt/m/n/10 ## age                                                                                  -0.0001**[] 
 []


Overfull \hbox (39.4935pt too wide) in paragraph at lines 3741--3741
[]\T1/lmtt/m/n/10 ##                                                                                      (0.00003)[] 
 []


Overfull \hbox (28.99353pt too wide) in paragraph at lines 3741--3741
[]\T1/lmtt/m/n/10 ## investment                                                                            -0.066[] 
 []


Overfull \hbox (34.24352pt too wide) in paragraph at lines 3741--3741
[]\T1/lmtt/m/n/10 ##                                                                                       (0.046)[] 
 []


Overfull \hbox (28.99353pt too wide) in paragraph at lines 3741--3741
[]\T1/lmtt/m/n/10 ## pref1_1                                                                                0.005[] 
 []


Overfull \hbox (34.24352pt too wide) in paragraph at lines 3741--3741
[]\T1/lmtt/m/n/10 ##                                                                                       (0.014)[] 
 []


Overfull \hbox (28.99353pt too wide) in paragraph at lines 3741--3741
[]\T1/lmtt/m/n/10 ## pref1_2                                                                                0.008[] 
 []


Overfull \hbox (34.24352pt too wide) in paragraph at lines 3741--3741
[]\T1/lmtt/m/n/10 ##                                                                                       (0.014)[] 
 []


Overfull \hbox (28.99353pt too wide) in paragraph at lines 3741--3741
[]\T1/lmtt/m/n/10 ## pref1_3                                                                               0.0005[] 
 []


Overfull \hbox (34.24352pt too wide) in paragraph at lines 3741--3741
[]\T1/lmtt/m/n/10 ##                                                                                       (0.014)[] 
 []


Overfull \hbox (34.24352pt too wide) in paragraph at lines 3741--3741
[]\T1/lmtt/m/n/10 ## pref1_4                                                                              0.035***[] 
 []


Overfull \hbox (34.24352pt too wide) in paragraph at lines 3741--3741
[]\T1/lmtt/m/n/10 ##                                                                                       (0.013)[] 
 []

[58]
Overfull \hbox (28.99353pt too wide) in paragraph at lines 3741--3741
[]\T1/lmtt/m/n/10 ## pref2_1                                                                               -0.031[] 
 []


Overfull \hbox (34.24352pt too wide) in paragraph at lines 3741--3741
[]\T1/lmtt/m/n/10 ##                                                                                       (0.021)[] 
 []


Overfull \hbox (28.99353pt too wide) in paragraph at lines 3741--3741
[]\T1/lmtt/m/n/10 ## pref2_2                                                                               -0.019[] 
 []


Overfull \hbox (34.24352pt too wide) in paragraph at lines 3741--3741
[]\T1/lmtt/m/n/10 ##                                                                                       (0.012)[] 
 []


Overfull \hbox (28.99353pt too wide) in paragraph at lines 3741--3741
[]\T1/lmtt/m/n/10 ## pref2_3                                                                                0.006[] 
 []


Overfull \hbox (34.24352pt too wide) in paragraph at lines 3741--3741
[]\T1/lmtt/m/n/10 ##                                                                                       (0.011)[] 
 []


Overfull \hbox (28.99353pt too wide) in paragraph at lines 3741--3741
[]\T1/lmtt/m/n/10 ## order                                                                                 -0.037[] 
 []


Overfull \hbox (34.24352pt too wide) in paragraph at lines 3741--3741
[]\T1/lmtt/m/n/10 ##                                                                                       (0.033)[] 
 []


Overfull \hbox (28.99353pt too wide) in paragraph at lines 3741--3741
[]\T1/lmtt/m/n/10 ## treatment1su_ha_neu:prof1                                            0.083             0.063[] 
 []


Overfull \hbox (34.24352pt too wide) in paragraph at lines 3741--3741
[]\T1/lmtt/m/n/10 ##                                                                     (0.091)           (0.092)[] 
 []


Overfull \hbox (34.24352pt too wide) in paragraph at lines 3741--3741
[]\T1/lmtt/m/n/10 ## treatment1sh_sev_fin:prof1                                         0.248***          0.250***[] 
 []


Overfull \hbox (34.24352pt too wide) in paragraph at lines 3741--3741
[]\T1/lmtt/m/n/10 ##                                                                     (0.089)           (0.090)[] 
 []


Overfull \hbox (34.24352pt too wide) in paragraph at lines 3741--3741
[]\T1/lmtt/m/n/10 ## Constant                       0.665***          0.591***          0.634***          0.757***[] 
 []


Overfull \hbox (34.24352pt too wide) in paragraph at lines 3741--3741
[]\T1/lmtt/m/n/10 ##                                 (0.037)           (0.040)           (0.039)           (0.141)[] 
 []


Overfull \hbox (60.49344pt too wide) in paragraph at lines 3741--3741
[]\T1/lmtt/m/n/10 ## --------------------------------------------------------------------------------------------------[] 
 []


Overfull \hbox (28.99353pt too wide) in paragraph at lines 3741--3741
[]\T1/lmtt/m/n/10 ## Observations                     1,405             1,405             1,405             1,405[] 
 []


Overfull \hbox (28.99353pt too wide) in paragraph at lines 3741--3741
[]\T1/lmtt/m/n/10 ## R2                               0.252             0.290             0.300             0.324[] 
 []


Overfull \hbox (28.99353pt too wide) in paragraph at lines 3741--3741
[]\T1/lmtt/m/n/10 ## Adjusted R2                      0.250             0.288             0.297             0.315[] 
 []


Overfull \hbox (60.49344pt too wide) in paragraph at lines 3741--3741
[]\T1/lmtt/m/n/10 ## Residual Std. Error        0.425 (df = 1401) 0.414 (df = 1400) 0.412 (df = 1398) 0.406 (df = 1386)[] 
 []


Overfull \hbox (60.49344pt too wide) in paragraph at lines 3741--3741
[]\T1/lmtt/m/n/10 ## ==================================================================================================[] 
 []


Overfull \hbox (60.49344pt too wide) in paragraph at lines 3741--3741
[]\T1/lmtt/m/n/10 ## Note:                                                                  *p<0.1; **p<0.05; ***p<0.01[] 
 []


Overfull \hbox (60.49344pt too wide) in paragraph at lines 3841--3841
[]\T1/lmtt/m/n/10 ## ==================================================================================================[] 
 []

[59]
Overfull \hbox (60.49344pt too wide) in paragraph at lines 3841--3841
[]\T1/lmtt/m/n/10 ##                            -----------------------------------------------------------------------[] 
 []


Overfull \hbox (23.74355pt too wide) in paragraph at lines 3841--3841
[]\T1/lmtt/m/n/10 ##                                   (1)               (2)               (3)               (4)[] 
 []


Overfull \hbox (60.49344pt too wide) in paragraph at lines 3841--3841
[]\T1/lmtt/m/n/10 ## --------------------------------------------------------------------------------------------------[] 
 []


Overfull \hbox (39.4935pt too wide) in paragraph at lines 3841--3841
[]\T1/lmtt/m/n/10 ## as.numeric(cost)               -0.151***         -0.151***         -0.151***         -0.151***[] 
 []


Overfull \hbox (34.24352pt too wide) in paragraph at lines 3841--3841
[]\T1/lmtt/m/n/10 ##                                 (0.008)           (0.008)           (0.008)           (0.008)[] 
 []


Overfull \hbox (28.99353pt too wide) in paragraph at lines 3841--3841
[]\T1/lmtt/m/n/10 ## treatment1su_ha_neu             0.117**           0.118**            0.061             0.068[] 
 []


Overfull \hbox (34.24352pt too wide) in paragraph at lines 3841--3841
[]\T1/lmtt/m/n/10 ##                                 (0.051)           (0.046)           (0.050)           (0.053)[] 
 []


Overfull \hbox (28.99353pt too wide) in paragraph at lines 3841--3841
[]\T1/lmtt/m/n/10 ## treatment1sh_sev_fin           0.132***           0.081*             0.028             0.027[] 
 []


Overfull \hbox (34.24352pt too wide) in paragraph at lines 3841--3841
[]\T1/lmtt/m/n/10 ##                                 (0.046)           (0.042)           (0.043)           (0.046)[] 
 []


Overfull \hbox (34.24352pt too wide) in paragraph at lines 3841--3841
[]\T1/lmtt/m/n/10 ## prof1                                            0.313***          0.202***          0.229***[] 
 []


Overfull \hbox (34.24352pt too wide) in paragraph at lines 3841--3841
[]\T1/lmtt/m/n/10 ##                                                   (0.040)           (0.073)           (0.071)[] 
 []


Overfull \hbox (28.99353pt too wide) in paragraph at lines 3841--3841
[]\T1/lmtt/m/n/10 ## female                                                                                 0.039[] 
 []


Overfull \hbox (34.24352pt too wide) in paragraph at lines 3841--3841
[]\T1/lmtt/m/n/10 ##                                                                                       (0.037)[] 
 []


Overfull \hbox (28.99353pt too wide) in paragraph at lines 3841--3841
[]\T1/lmtt/m/n/10 ## risk                                                                                  -0.009[] 
 []


Overfull \hbox (34.24352pt too wide) in paragraph at lines 3841--3841
[]\T1/lmtt/m/n/10 ##                                                                                       (0.012)[] 
 []


Overfull \hbox (39.4935pt too wide) in paragraph at lines 3841--3841
[]\T1/lmtt/m/n/10 ## age                                                                                  -0.0001**[] 
 []


Overfull \hbox (39.4935pt too wide) in paragraph at lines 3841--3841
[]\T1/lmtt/m/n/10 ##                                                                                      (0.00003)[] 
 []


Overfull \hbox (28.99353pt too wide) in paragraph at lines 3841--3841
[]\T1/lmtt/m/n/10 ## investment                                                                            -0.051[] 
 []


Overfull \hbox (34.24352pt too wide) in paragraph at lines 3841--3841
[]\T1/lmtt/m/n/10 ##                                                                                       (0.039)[] 
 []


Overfull \hbox (28.99353pt too wide) in paragraph at lines 3841--3841
[]\T1/lmtt/m/n/10 ## pref1_1                                                                                0.006[] 
 []


Overfull \hbox (34.24352pt too wide) in paragraph at lines 3841--3841
[]\T1/lmtt/m/n/10 ##                                                                                       (0.015)[] 
 []


Overfull \hbox (28.99353pt too wide) in paragraph at lines 3841--3841
[]\T1/lmtt/m/n/10 ## pref1_2                                                                               -0.015[] 
 []


Overfull \hbox (34.24352pt too wide) in paragraph at lines 3841--3841
[]\T1/lmtt/m/n/10 ##                                                                                       (0.016)[] 
 []


Overfull \hbox (34.24352pt too wide) in paragraph at lines 3841--3841
[]\T1/lmtt/m/n/10 ## pref1_3                                                                               -0.0003[] 
 []


Overfull \hbox (34.24352pt too wide) in paragraph at lines 3841--3841
[]\T1/lmtt/m/n/10 ##                                                                                       (0.015)[] 
 []


Overfull \hbox (34.24352pt too wide) in paragraph at lines 3841--3841
[]\T1/lmtt/m/n/10 ## pref1_4                                                                              0.051***[] 
 []


Overfull \hbox (34.24352pt too wide) in paragraph at lines 3841--3841
[]\T1/lmtt/m/n/10 ##                                                                                       (0.014)[] 
 []


Overfull \hbox (28.99353pt too wide) in paragraph at lines 3841--3841
[]\T1/lmtt/m/n/10 ## pref2_1                                                                               -0.018[] 
 []


Overfull \hbox (34.24352pt too wide) in paragraph at lines 3841--3841
[]\T1/lmtt/m/n/10 ##                                                                                       (0.021)[] 
 []


Overfull \hbox (28.99353pt too wide) in paragraph at lines 3841--3841
[]\T1/lmtt/m/n/10 ## pref2_2                                                                               -0.002[] 
 []


Overfull \hbox (34.24352pt too wide) in paragraph at lines 3841--3841
[]\T1/lmtt/m/n/10 ##                                                                                       (0.015)[] 
 []


Overfull \hbox (28.99353pt too wide) in paragraph at lines 3841--3841
[]\T1/lmtt/m/n/10 ## pref2_3                                                                               -0.009[] 
 []


Overfull \hbox (34.24352pt too wide) in paragraph at lines 3841--3841
[]\T1/lmtt/m/n/10 ##                                                                                       (0.011)[] 
 []


Overfull \hbox (34.24352pt too wide) in paragraph at lines 3841--3841
[]\T1/lmtt/m/n/10 ## order                                                                                -0.086**[] 
 []


Overfull \hbox (34.24352pt too wide) in paragraph at lines 3841--3841
[]\T1/lmtt/m/n/10 ##                                                                                       (0.036)[] 
 []


Overfull \hbox (28.99353pt too wide) in paragraph at lines 3841--3841
[]\T1/lmtt/m/n/10 ## treatment1su_ha_neu:prof1                                            0.173             0.121[] 
 []

[60]
Overfull \hbox (34.24352pt too wide) in paragraph at lines 3841--3841
[]\T1/lmtt/m/n/10 ##                                                                     (0.106)           (0.102)[] 
 []


Overfull \hbox (28.99353pt too wide) in paragraph at lines 3841--3841
[]\T1/lmtt/m/n/10 ## treatment1sh_sev_fin:prof1                                           0.145             0.132[] 
 []


Overfull \hbox (34.24352pt too wide) in paragraph at lines 3841--3841
[]\T1/lmtt/m/n/10 ##                                                                     (0.093)           (0.089)[] 
 []


Overfull \hbox (34.24352pt too wide) in paragraph at lines 3841--3841
[]\T1/lmtt/m/n/10 ## Constant                       0.664***          0.561***          0.597***          0.574***[] 
 []


Overfull \hbox (34.24352pt too wide) in paragraph at lines 3841--3841
[]\T1/lmtt/m/n/10 ##                                 (0.038)           (0.040)           (0.040)           (0.159)[] 
 []


Overfull \hbox (60.49344pt too wide) in paragraph at lines 3841--3841
[]\T1/lmtt/m/n/10 ## --------------------------------------------------------------------------------------------------[] 
 []


Overfull \hbox (28.99353pt too wide) in paragraph at lines 3841--3841
[]\T1/lmtt/m/n/10 ## Observations                     1,370             1,370             1,370             1,370[] 
 []


Overfull \hbox (28.99353pt too wide) in paragraph at lines 3841--3841
[]\T1/lmtt/m/n/10 ## R2                               0.199             0.291             0.296             0.339[] 
 []


Overfull \hbox (28.99353pt too wide) in paragraph at lines 3841--3841
[]\T1/lmtt/m/n/10 ## Adjusted R2                      0.197             0.289             0.293             0.330[] 
 []


Overfull \hbox (60.49344pt too wide) in paragraph at lines 3841--3841
[]\T1/lmtt/m/n/10 ## Residual Std. Error        0.446 (df = 1366) 0.420 (df = 1365) 0.418 (df = 1363) 0.407 (df = 1351)[] 
 []


Overfull \hbox (60.49344pt too wide) in paragraph at lines 3841--3841
[]\T1/lmtt/m/n/10 ## ==================================================================================================[] 
 []


Overfull \hbox (60.49344pt too wide) in paragraph at lines 3841--3841
[]\T1/lmtt/m/n/10 ## Note:                                                                  *p<0.1; **p<0.05; ***p<0.01[] 
 []


Overfull \hbox (39.4935pt too wide) in paragraph at lines 3944--3944
[]\T1/lmtt/m/n/10 ## ==============================================================================================[] 
 []


Overfull \hbox (39.4935pt too wide) in paragraph at lines 3944--3944
[]\T1/lmtt/m/n/10 ##                            -------------------------------------------------------------------[] 
 []


Overfull \hbox (2.7436pt too wide) in paragraph at lines 3944--3944
[]\T1/lmtt/m/n/10 ##                                  (1)              (2)              (3)              (4)[] 
 []


Overfull \hbox (39.4935pt too wide) in paragraph at lines 3944--3944
[]\T1/lmtt/m/n/10 ## ----------------------------------------------------------------------------------------------[] 
 []


Overfull \hbox (7.99359pt too wide) in paragraph at lines 3944--3944
[]\T1/lmtt/m/n/10 ## treatment1su_ha_neu            0.103**          0.091**           0.061            0.060[] 
 []


Overfull \hbox (13.24358pt too wide) in paragraph at lines 3944--3944
[]\T1/lmtt/m/n/10 ##                                (0.043)          (0.043)          (0.051)          (0.053)[] 
 []

[61]
Overfull \hbox (7.99359pt too wide) in paragraph at lines 3944--3944
[]\T1/lmtt/m/n/10 ## treatment1sh_sev_fin           0.129***         0.125***          0.028            0.006[] 
 []


Overfull \hbox (13.24358pt too wide) in paragraph at lines 3944--3944
[]\T1/lmtt/m/n/10 ##                                (0.044)          (0.041)          (0.043)          (0.047)[] 
 []


Overfull \hbox (13.24358pt too wide) in paragraph at lines 3944--3944
[]\T1/lmtt/m/n/10 ## prof1                                           0.195***          0.082           0.156**[] 
 []


Overfull \hbox (13.24358pt too wide) in paragraph at lines 3944--3944
[]\T1/lmtt/m/n/10 ##                                                 (0.037)          (0.068)          (0.072)[] 
 []


Overfull \hbox (7.99359pt too wide) in paragraph at lines 3944--3944
[]\T1/lmtt/m/n/10 ## female                                                                             0.002[] 
 []


Overfull \hbox (13.24358pt too wide) in paragraph at lines 3944--3944
[]\T1/lmtt/m/n/10 ##                                                                                   (0.041)[] 
 []


Overfull \hbox (13.24358pt too wide) in paragraph at lines 3944--3944
[]\T1/lmtt/m/n/10 ## risk                                                                              -0.020*[] 
 []


Overfull \hbox (13.24358pt too wide) in paragraph at lines 3944--3944
[]\T1/lmtt/m/n/10 ##                                                                                   (0.012)[] 
 []


Overfull \hbox (18.49356pt too wide) in paragraph at lines 3944--3944
[]\T1/lmtt/m/n/10 ## age                                                                              -0.0001**[] 
 []


Overfull \hbox (18.49356pt too wide) in paragraph at lines 3944--3944
[]\T1/lmtt/m/n/10 ##                                                                                  (0.00003)[] 
 []


Overfull \hbox (13.24358pt too wide) in paragraph at lines 3944--3944
[]\T1/lmtt/m/n/10 ## investment                                                                         -0.066[] 
 []


Overfull \hbox (13.24358pt too wide) in paragraph at lines 3944--3944
[]\T1/lmtt/m/n/10 ##                                                                                   (0.047)[] 
 []


Overfull \hbox (7.99359pt too wide) in paragraph at lines 3944--3944
[]\T1/lmtt/m/n/10 ## pref1_1                                                                            0.005[] 
 []


Overfull \hbox (13.24358pt too wide) in paragraph at lines 3944--3944
[]\T1/lmtt/m/n/10 ##                                                                                   (0.014)[] 
 []


Overfull \hbox (7.99359pt too wide) in paragraph at lines 3944--3944
[]\T1/lmtt/m/n/10 ## pref1_2                                                                            0.008[] 
 []


Overfull \hbox (13.24358pt too wide) in paragraph at lines 3944--3944
[]\T1/lmtt/m/n/10 ##                                                                                   (0.015)[] 
 []


Overfull \hbox (13.24358pt too wide) in paragraph at lines 3944--3944
[]\T1/lmtt/m/n/10 ## pref1_3                                                                            0.0005[] 
 []


Overfull \hbox (13.24358pt too wide) in paragraph at lines 3944--3944
[]\T1/lmtt/m/n/10 ##                                                                                   (0.014)[] 
 []


Overfull \hbox (18.49356pt too wide) in paragraph at lines 3944--3944
[]\T1/lmtt/m/n/10 ## pref1_4                                                                           0.035***[] 
 []


Overfull \hbox (13.24358pt too wide) in paragraph at lines 3944--3944
[]\T1/lmtt/m/n/10 ##                                                                                   (0.013)[] 
 []


Overfull \hbox (13.24358pt too wide) in paragraph at lines 3944--3944
[]\T1/lmtt/m/n/10 ## pref2_1                                                                            -0.031[] 
 []


Overfull \hbox (13.24358pt too wide) in paragraph at lines 3944--3944
[]\T1/lmtt/m/n/10 ##                                                                                   (0.021)[] 
 []


Overfull \hbox (13.24358pt too wide) in paragraph at lines 3944--3944
[]\T1/lmtt/m/n/10 ## pref2_2                                                                            -0.019[] 
 []


Overfull \hbox (13.24358pt too wide) in paragraph at lines 3944--3944
[]\T1/lmtt/m/n/10 ##                                                                                   (0.013)[] 
 []


Overfull \hbox (7.99359pt too wide) in paragraph at lines 3944--3944
[]\T1/lmtt/m/n/10 ## pref2_3                                                                            0.006[] 
 []


Overfull \hbox (13.24358pt too wide) in paragraph at lines 3944--3944
[]\T1/lmtt/m/n/10 ##                                                                                   (0.012)[] 
 []


Overfull \hbox (13.24358pt too wide) in paragraph at lines 3944--3944
[]\T1/lmtt/m/n/10 ## order                                                                              -0.037[] 
 []


Overfull \hbox (13.24358pt too wide) in paragraph at lines 3944--3944
[]\T1/lmtt/m/n/10 ##                                                                                   (0.034)[] 
 []


Overfull \hbox (7.99359pt too wide) in paragraph at lines 3944--3944
[]\T1/lmtt/m/n/10 ## treatment1su_ha_neu:prof1                                         0.083            0.063[] 
 []


Overfull \hbox (13.24358pt too wide) in paragraph at lines 3944--3944
[]\T1/lmtt/m/n/10 ##                                                                  (0.091)          (0.095)[] 
 []


Overfull \hbox (18.49356pt too wide) in paragraph at lines 3944--3944
[]\T1/lmtt/m/n/10 ## treatment1sh_sev_fin:prof1                                       0.248***         0.250***[] 
 []


Overfull \hbox (13.24358pt too wide) in paragraph at lines 3944--3944
[]\T1/lmtt/m/n/10 ##                                                                  (0.090)          (0.092)[] 
 []


Overfull \hbox (18.49356pt too wide) in paragraph at lines 3944--3944
[]\T1/lmtt/m/n/10 ## Constant                       0.326***         0.251***         0.295***         0.418***[] 
 []


Overfull \hbox (13.24358pt too wide) in paragraph at lines 3944--3944
[]\T1/lmtt/m/n/10 ##                                (0.030)          (0.031)          (0.032)          (0.144)[] 
 []


Overfull \hbox (39.4935pt too wide) in paragraph at lines 3944--3944
[]\T1/lmtt/m/n/10 ## ----------------------------------------------------------------------------------------------[] 
 []


Overfull \hbox (2.7436pt too wide) in paragraph at lines 3944--3944
[]\T1/lmtt/m/n/10 ## Observations                     281              281              281              281[] 
 []


Overfull \hbox (7.99359pt too wide) in paragraph at lines 3944--3944
[]\T1/lmtt/m/n/10 ## R2                              0.033            0.132            0.159            0.221[] 
 []

[62]
Overfull \hbox (7.99359pt too wide) in paragraph at lines 3944--3944
[]\T1/lmtt/m/n/10 ## Adjusted R2                     0.026            0.122            0.144            0.170[] 
 []


Overfull \hbox (39.4935pt too wide) in paragraph at lines 3944--3944
[]\T1/lmtt/m/n/10 ## Residual Std. Error        0.301 (df = 278) 0.285 (df = 277) 0.282 (df = 275) 0.277 (df = 263)[] 
 []


Overfull \hbox (39.4935pt too wide) in paragraph at lines 3944--3944
[]\T1/lmtt/m/n/10 ## ==============================================================================================[] 
 []


Overfull \hbox (39.4935pt too wide) in paragraph at lines 3944--3944
[]\T1/lmtt/m/n/10 ## Note:                                                              *p<0.1; **p<0.05; ***p<0.01[] 
 []


Overfull \hbox (39.4935pt too wide) in paragraph at lines 4041--4041
[]\T1/lmtt/m/n/10 ## ==============================================================================================[] 
 []


Overfull \hbox (39.4935pt too wide) in paragraph at lines 4041--4041
[]\T1/lmtt/m/n/10 ##                            -------------------------------------------------------------------[] 
 []


Overfull \hbox (2.7436pt too wide) in paragraph at lines 4041--4041
[]\T1/lmtt/m/n/10 ##                                  (1)              (2)              (3)              (4)[] 
 []


Overfull \hbox (39.4935pt too wide) in paragraph at lines 4041--4041
[]\T1/lmtt/m/n/10 ## ----------------------------------------------------------------------------------------------[] 
 []


Overfull \hbox (7.99359pt too wide) in paragraph at lines 4041--4041
[]\T1/lmtt/m/n/10 ## treatment1su_ha_neu            0.117**          0.118**           0.061            0.068[] 
 []


Overfull \hbox (13.24358pt too wide) in paragraph at lines 4041--4041
[]\T1/lmtt/m/n/10 ##                                (0.051)          (0.046)          (0.051)          (0.055)[] 
 []


Overfull \hbox (7.99359pt too wide) in paragraph at lines 4041--4041
[]\T1/lmtt/m/n/10 ## treatment1sh_sev_fin           0.132***          0.081*           0.028            0.027[] 
 []


Overfull \hbox (13.24358pt too wide) in paragraph at lines 4041--4041
[]\T1/lmtt/m/n/10 ##                                (0.046)          (0.042)          (0.043)          (0.048)[] 
 []


Overfull \hbox (18.49356pt too wide) in paragraph at lines 4041--4041
[]\T1/lmtt/m/n/10 ## prof1                                           0.313***         0.202***         0.229***[] 
 []


Overfull \hbox (13.24358pt too wide) in paragraph at lines 4041--4041
[]\T1/lmtt/m/n/10 ##                                                 (0.040)          (0.074)          (0.073)[] 
 []


Overfull \hbox (7.99359pt too wide) in paragraph at lines 4041--4041
[]\T1/lmtt/m/n/10 ## female                                                                             0.039[] 
 []


Overfull \hbox (13.24358pt too wide) in paragraph at lines 4041--4041
[]\T1/lmtt/m/n/10 ##                                                                                   (0.038)[] 
 []


Overfull \hbox (13.24358pt too wide) in paragraph at lines 4041--4041
[]\T1/lmtt/m/n/10 ## risk                                                                               -0.009[] 
 []


Overfull \hbox (13.24358pt too wide) in paragraph at lines 4041--4041
[]\T1/lmtt/m/n/10 ##                                                                                   (0.013)[] 
 []


Overfull \hbox (18.49356pt too wide) in paragraph at lines 4041--4041
[]\T1/lmtt/m/n/10 ## age                                                                              -0.0001**[] 
 []


Overfull \hbox (18.49356pt too wide) in paragraph at lines 4041--4041
[]\T1/lmtt/m/n/10 ##                                                                                  (0.00003)[] 
 []


Overfull \hbox (13.24358pt too wide) in paragraph at lines 4041--4041
[]\T1/lmtt/m/n/10 ## investment                                                                         -0.051[] 
 []


Overfull \hbox (13.24358pt too wide) in paragraph at lines 4041--4041
[]\T1/lmtt/m/n/10 ##                                                                                   (0.040)[] 
 []

[63]
Overfull \hbox (7.99359pt too wide) in paragraph at lines 4041--4041
[]\T1/lmtt/m/n/10 ## pref1_1                                                                            0.006[] 
 []


Overfull \hbox (13.24358pt too wide) in paragraph at lines 4041--4041
[]\T1/lmtt/m/n/10 ##                                                                                   (0.016)[] 
 []


Overfull \hbox (13.24358pt too wide) in paragraph at lines 4041--4041
[]\T1/lmtt/m/n/10 ## pref1_2                                                                            -0.015[] 
 []


Overfull \hbox (13.24358pt too wide) in paragraph at lines 4041--4041
[]\T1/lmtt/m/n/10 ##                                                                                   (0.016)[] 
 []


Overfull \hbox (13.24358pt too wide) in paragraph at lines 4041--4041
[]\T1/lmtt/m/n/10 ## pref1_3                                                                           -0.0003[] 
 []


Overfull \hbox (13.24358pt too wide) in paragraph at lines 4041--4041
[]\T1/lmtt/m/n/10 ##                                                                                   (0.016)[] 
 []


Overfull \hbox (18.49356pt too wide) in paragraph at lines 4041--4041
[]\T1/lmtt/m/n/10 ## pref1_4                                                                           0.051***[] 
 []


Overfull \hbox (13.24358pt too wide) in paragraph at lines 4041--4041
[]\T1/lmtt/m/n/10 ##                                                                                   (0.014)[] 
 []


Overfull \hbox (13.24358pt too wide) in paragraph at lines 4041--4041
[]\T1/lmtt/m/n/10 ## pref2_1                                                                            -0.018[] 
 []


Overfull \hbox (13.24358pt too wide) in paragraph at lines 4041--4041
[]\T1/lmtt/m/n/10 ##                                                                                   (0.022)[] 
 []


Overfull \hbox (13.24358pt too wide) in paragraph at lines 4041--4041
[]\T1/lmtt/m/n/10 ## pref2_2                                                                            -0.002[] 
 []


Overfull \hbox (13.24358pt too wide) in paragraph at lines 4041--4041
[]\T1/lmtt/m/n/10 ##                                                                                   (0.015)[] 
 []


Overfull \hbox (13.24358pt too wide) in paragraph at lines 4041--4041
[]\T1/lmtt/m/n/10 ## pref2_3                                                                            -0.009[] 
 []


Overfull \hbox (13.24358pt too wide) in paragraph at lines 4041--4041
[]\T1/lmtt/m/n/10 ##                                                                                   (0.012)[] 
 []


Overfull \hbox (18.49356pt too wide) in paragraph at lines 4041--4041
[]\T1/lmtt/m/n/10 ## order                                                                             -0.086**[] 
 []


Overfull \hbox (13.24358pt too wide) in paragraph at lines 4041--4041
[]\T1/lmtt/m/n/10 ##                                                                                   (0.037)[] 
 []


Overfull \hbox (7.99359pt too wide) in paragraph at lines 4041--4041
[]\T1/lmtt/m/n/10 ## treatment1su_ha_neu:prof1                                         0.173            0.121[] 
 []


Overfull \hbox (13.24358pt too wide) in paragraph at lines 4041--4041
[]\T1/lmtt/m/n/10 ##                                                                  (0.107)          (0.105)[] 
 []


Overfull \hbox (7.99359pt too wide) in paragraph at lines 4041--4041
[]\T1/lmtt/m/n/10 ## treatment1sh_sev_fin:prof1                                        0.145            0.132[] 
 []


Overfull \hbox (13.24358pt too wide) in paragraph at lines 4041--4041
[]\T1/lmtt/m/n/10 ##                                                                  (0.094)          (0.091)[] 
 []


Overfull \hbox (13.24358pt too wide) in paragraph at lines 4041--4041
[]\T1/lmtt/m/n/10 ## Constant                       0.361***         0.258***         0.295***          0.271*[] 
 []


Overfull \hbox (13.24358pt too wide) in paragraph at lines 4041--4041
[]\T1/lmtt/m/n/10 ##                                (0.032)          (0.031)          (0.032)          (0.162)[] 
 []


Overfull \hbox (39.4935pt too wide) in paragraph at lines 4041--4041
[]\T1/lmtt/m/n/10 ## ----------------------------------------------------------------------------------------------[] 
 []


Overfull \hbox (2.7436pt too wide) in paragraph at lines 4041--4041
[]\T1/lmtt/m/n/10 ## Observations                     274              274              274              274[] 
 []


Overfull \hbox (7.99359pt too wide) in paragraph at lines 4041--4041
[]\T1/lmtt/m/n/10 ## R2                              0.029            0.228            0.238            0.331[] 
 []


Overfull \hbox (7.99359pt too wide) in paragraph at lines 4041--4041
[]\T1/lmtt/m/n/10 ## Adjusted R2                     0.022            0.219            0.224            0.286[] 
 []


Overfull \hbox (39.4935pt too wide) in paragraph at lines 4041--4041
[]\T1/lmtt/m/n/10 ## Residual Std. Error        0.335 (df = 271) 0.300 (df = 270) 0.299 (df = 268) 0.286 (df = 256)[] 
 []


Overfull \hbox (39.4935pt too wide) in paragraph at lines 4041--4041
[]\T1/lmtt/m/n/10 ## ==============================================================================================[] 
 []


Overfull \hbox (39.4935pt too wide) in paragraph at lines 4041--4041
[]\T1/lmtt/m/n/10 ## Note:                                                              *p<0.1; **p<0.05; ***p<0.01[] 
 []

[64] [65] [66] [67] [68] [69] [70] [71] [72]
<Huber2020_reproduced_files/Huber2020_reproduced_files/figure-latex/unnamed-chunk-34-1.pdf, id=363, 469.755pt x 325.215pt>
File: Huber2020_reproduced_files/Huber2020_reproduced_files/figure-latex/unnamed-chunk-34-1.pdf Graphic file (type pdf)
<use Huber2020_reproduced_files/Huber2020_reproduced_files/figure-latex/unnamed-chunk-34-1.pdf>
Package pdftex.def Info: Huber2020_reproduced_files/Huber2020_reproduced_files/figure-latex/unnamed-chunk-34-1.pdf  used on input line 4559.
(pdftex.def)             Requested size: 469.75386pt x 325.2142pt.
[73]
Overfull \vbox (0.69418pt too high) detected at line 4601
 []

[74 <./Huber2020_reproduced_files/Huber2020_reproduced_files/figure-latex/unnamed-chunk-34-1.pdf>]
<Huber2020_reproduced_files/Huber2020_reproduced_files/figure-latex/unnamed-chunk-34-2.pdf, id=378, 469.755pt x 325.215pt>
File: Huber2020_reproduced_files/Huber2020_reproduced_files/figure-latex/unnamed-chunk-34-2.pdf Graphic file (type pdf)
<use Huber2020_reproduced_files/Huber2020_reproduced_files/figure-latex/unnamed-chunk-34-2.pdf>
Package pdftex.def Info: Huber2020_reproduced_files/Huber2020_reproduced_files/figure-latex/unnamed-chunk-34-2.pdf  used on input line 4607.
(pdftex.def)             Requested size: 469.75386pt x 325.2142pt.
[75 <./Huber2020_reproduced_files/Huber2020_reproduced_files/figure-latex/unnamed-chunk-34-2.pdf>]
<Huber2020_reproduced_files/Huber2020_reproduced_files/figure-latex/unnamed-chunk-35-1.pdf, id=389, 469.755pt x 325.215pt>
File: Huber2020_reproduced_files/Huber2020_reproduced_files/figure-latex/unnamed-chunk-35-1.pdf Graphic file (type pdf)
<use Huber2020_reproduced_files/Huber2020_reproduced_files/figure-latex/unnamed-chunk-35-1.pdf>
Package pdftex.def Info: Huber2020_reproduced_files/Huber2020_reproduced_files/figure-latex/unnamed-chunk-35-1.pdf  used on input line 4663.
(pdftex.def)             Requested size: 469.75386pt x 325.2142pt.
[76] [77 <./Huber2020_reproduced_files/Huber2020_reproduced_files/figure-latex/unnamed-chunk-35-1.pdf>]
<Huber2020_reproduced_files/Huber2020_reproduced_files/figure-latex/unnamed-chunk-36-1.pdf, id=403, 469.755pt x 325.215pt>
File: Huber2020_reproduced_files/Huber2020_reproduced_files/figure-latex/unnamed-chunk-36-1.pdf Graphic file (type pdf)
<use Huber2020_reproduced_files/Huber2020_reproduced_files/figure-latex/unnamed-chunk-36-1.pdf>
Package pdftex.def Info: Huber2020_reproduced_files/Huber2020_reproduced_files/figure-latex/unnamed-chunk-36-1.pdf  used on input line 4718.
(pdftex.def)             Requested size: 469.75386pt x 325.2142pt.
[78 <./Huber2020_reproduced_files/Huber2020_reproduced_files/figure-latex/unnamed-chunk-36-1.pdf>] [79]
<Huber2020_reproduced_files/Huber2020_reproduced_files/figure-latex/unnamed-chunk-39-1.pdf, id=419, 469.755pt x 325.215pt>
File: Huber2020_reproduced_files/Huber2020_reproduced_files/figure-latex/unnamed-chunk-39-1.pdf Graphic file (type pdf)
<use Huber2020_reproduced_files/Huber2020_reproduced_files/figure-latex/unnamed-chunk-39-1.pdf>
Package pdftex.def Info: Huber2020_reproduced_files/Huber2020_reproduced_files/figure-latex/unnamed-chunk-39-1.pdf  used on input line 4803.
(pdftex.def)             Requested size: 469.75386pt x 325.2142pt.
[80 <./Huber2020_reproduced_files/Huber2020_reproduced_files/figure-latex/unnamed-chunk-39-1.pdf>]
<Huber2020_reproduced_files/Huber2020_reproduced_files/figure-latex/unnamed-chunk-42-1.pdf, id=433, 469.755pt x 325.215pt>
File: Huber2020_reproduced_files/Huber2020_reproduced_files/figure-latex/unnamed-chunk-42-1.pdf Graphic file (type pdf)
<use Huber2020_reproduced_files/Huber2020_reproduced_files/figure-latex/unnamed-chunk-42-1.pdf>
Package pdftex.def Info: Huber2020_reproduced_files/Huber2020_reproduced_files/figure-latex/unnamed-chunk-42-1.pdf  used on input line 4894.
(pdftex.def)             Requested size: 469.75386pt x 325.2142pt.
[81] [82 <./Huber2020_reproduced_files/Huber2020_reproduced_files/figure-latex/unnamed-chunk-42-1.pdf>] [83] [84] [85] [86]
<Huber2020_reproduced_files/Huber2020_reproduced_files/figure-latex/unnamed-chunk-58-1.pdf, id=472, 469.755pt x 325.215pt>
File: Huber2020_reproduced_files/Huber2020_reproduced_files/figure-latex/unnamed-chunk-58-1.pdf Graphic file (type pdf)
<use Huber2020_reproduced_files/Huber2020_reproduced_files/figure-latex/unnamed-chunk-58-1.pdf>
Package pdftex.def Info: Huber2020_reproduced_files/Huber2020_reproduced_files/figure-latex/unnamed-chunk-58-1.pdf  used on input line 5257.
(pdftex.def)             Requested size: 469.75386pt x 325.2142pt.
[87 <./Huber2020_reproduced_files/Huber2020_reproduced_files/figure-latex/unnamed-chunk-58-1.pdf>]
ignored: Infinite glue shrinkage found in box being split [88]
ignored: Infinite glue shrinkage found in box being split [89] [90] (./Huber2020_reproduced.aux)
 ***********
LaTeX2e <2025-11-01>
L3 programming layer <2026-03-20>
 ***********

LaTeX Warning: There were multiply-defined labels.

 ) 
Here is how much of TeX's memory you used:
 13749 strings out of 469339
 216133 string characters out of 5466427
 687070 words of memory out of 5000000
 42200 multiletter control sequences out of 15000+600000
 679706 words of font info for 86 fonts, out of 8000000 for 9000
 14 hyphenation exceptions out of 8191
 89i,15n,93p,1006b,640s stack positions out of 10000i,1000n,20000p,200000b,200000s
</home/nestor/.TinyTeX/texmf-dist/fonts/type1/public/lm/lmbx10.pfb></home/nestor/.TinyTeX/texmf-dist/fonts/type1/public/lm/lmbx12.pfb></home/nestor/.TinyTeX/texmf-dist/fonts/type1/public/lm/lmr10.pfb></home/nestor/.TinyTeX/texmf-dist/fonts/type1/public/lm/lmr12.pfb></home/nestor/.TinyTeX/texmf-dist/fonts/type1/public/lm/lmr17.pfb></home/nestor/.TinyTeX/texmf-dist/fonts/type1/public/lm/lmri10.pfb></home/nestor/.TinyTeX/texmf-dist/fonts/type1/public/lm/lmtk10.pfb></home/nestor/.TinyTeX/texmf-dist/fonts/type1/public/lm/lmtt10.pfb></home/nestor/.TinyTeX/texmf-dist/fonts/type1/public/lm/lmtti10.pfb>
Output written on Huber2020_reproduced.pdf (90 pages, 412642 bytes).
PDF statistics:
 677 PDF objects out of 1000 (max. 8388607)
 539 compressed objects within 6 object streams
 128 named destinations out of 1000 (max. 500000)
 323 words of extra memory for PDF output out of 10000 (max. 10000000)

